
SYMBOLS BY NAME

      80            CTL_IRQ_STACK_SIZE  
    3e7e UDATA0     _ARC_bus_helper_task
    409e UDATA0     _ARC_bus_task       
   12200 CODE       _ARC_setup          
    cffd CONST      _ARClib_version     
   14fd4 CODE       _ARClib_version_Cmd 
    d010 CONST      _ARClib_vstruct     
   14f1e CODE       _ARCsearch_Cmd      
   11ab4 CODE       _BUS_I2C_release    
    3e9a UDATA0     _BUS_INT_events     
   11a52 CODE       _BUS_OA_check       
   11de8 CODE       _BUS_SPI_txrx       
   119e2 CODE       _BUS_addr_to_flags  
   130a0 CODE       _BUS_alarm_ticker_update
   11a38 CODE       _BUS_cmd_init       
   13d12 CODE       _BUS_cmd_resptostr  
   11b50 CODE       _BUS_cmd_tx         
   13b66 CODE       _BUS_cmdtostr       
   13a96 CODE       _BUS_error_str      
   1196c CODE       _BUS_flags_to_addr  
   13034 CODE       _BUS_free_alarm     
   12efe CODE       _BUS_free_buffer    
   118f0 CODE       _BUS_get_OA         
   12ed6 CODE       _BUS_get_buffer     
   12ed0 CODE       _BUS_get_buffer_size
    3e9c UDATA0     _BUS_helper_events  
   12ec6 CODE       _BUS_init_buffer    
    3e9e UDATA0     _BUS_stack          
    509a THREAD     _BUS_thread_addr_flags
   1304c CODE       _BUS_timer_timeout_check
    433e UDATA0     _DMA_events         
    c5f8 ISR        _DMA_int            
   1433e CODE       _ERR_lev_str        
   14a78 CODE       _I2C_addr_lookup    
   14ac0 CODE       _I2C_addr_revlookup 
    c018 ISR        _I2C_dat            
    40fe UDATA0     _I2C_rx_buf         
    40fc UDATA0     _I2C_rx_in          
    40fa UDATA0     _I2C_rx_out         
    3c5c UDATA0     _I2C_stat           
   1335c CODE       _PMM_setVCore       
   132a2 CODE       _PMM_setVCoreDown   
   131a8 CODE       _PMM_setVCoreUp     
   15600 CODE       _SD_error_str       
   12134 CODE       _SPI_deactivate     
   12100 CODE       _SPI_master_setup   
   1211a CODE       _SPI_slave_setup    
    40d6 UDATA0     _SUB_events         
    c6be ISR        _SYS_NMI            
    3bc2 UDATA0     _SYS_evt            
   15926 CODE       _UCA2_Getc          
    c80c ISR        _UCA2_ISR           
    4f4e UDATA0     _UCA2_RxBuf         
    4ff2 UDATA0     _UCA2_TxBuf         
   158ea CODE       _UCA2_TxChar        
   1580e CODE       _UCA2_init_UART     
    f140 CONST      ___RAL_ascii_ctype_map
   161ca CODE       ___RAL_ascii_mbtowc 
   16210 CODE       ___RAL_ascii_wctomb 
    f31a CONST      ___RAL_c_locale     
    f218 CONST      ___RAL_c_locale_abbrev_day_names
    f28c CONST      ___RAL_c_locale_abbrev_month_names
    f2bd CONST      ___RAL_c_locale_am_pm_indicator
    f2e8 CONST      ___RAL_c_locale_data
    f2c4 CONST      ___RAL_c_locale_date_format
    f2d6 CONST      ___RAL_c_locale_date_time_format
    f1de CONST      ___RAL_c_locale_day_names
    f235 CONST      ___RAL_c_locale_month_names
    f2cd CONST      ___RAL_c_locale_time_format
    f1ce CONST      ___RAL_codeset_ascii
    f2e7 CONST      ___RAL_data_empty_string
    f2e5 CONST      ___RAL_data_utf8_period
    1c24 IDATA0     ___RAL_global_locale
   15e24 CODE       ___RAL_global_locale_category
    f118 CONST      ___RAL_hex_lc       
    f108 CONST      ___RAL_hex_uc       
   161bc CODE       ___RAL_init_mbstate 
   15d88 CODE       ___RAL_isctype      
   15b22 CODE       ___RAL_pow10        
   15cfe CODE       ___RAL_pre_padding  
   15ce0 CODE       ___RAL_print_padding
   115f4 CODE       ___RAL_read_tp      
    1c00            ___RAM_Address      
    8000            ___RAM_Size         
    1c00            ___begin_IDATA0     
    509a            ___begin_THREAD     
    1c2e            ___begin_UDATA0     
     4c0            ___crt_mpy          
     4d2            ___crt_mpy32h       
     4d0            ___crt_mpy32l       
     4c8            ___crt_op2          
     4e2            ___crt_op2h         
     4e0            ___crt_op2l         
     4e4            ___crt_res0         
     4e6            ___crt_res1         
     4e8            ___crt_res2         
     4ea            ___crt_res3         
     4ca            ___crt_reslo        
   15adc CODE       ___digit            
    1c2e            ___end_IDATA0       
    509e            ___end_THREAD       
    509a            ___end_UDATA0       
   15dfc CODE       ___errno            
   16480 CODE       ___float32_add      
   16656 CODE       ___float32_div      
   16730 CODE       ___float32_eq       
   16268 CODE       ___float32_isinf    
   16282 CODE       ___float32_isnan    
   16714 CODE       ___float32_lt       
   1657e CODE       ___float32_mul      
    f322 CONST      ___float32_nan      
   1629a CODE       ___float32_signbit  
   16572 CODE       ___float32_sub      
   163ce CODE       ___float32_to_int64 
    f336 CODE       ___getchar          
   15964 CODE       ___int16_div        
   1598a CODE       ___int16_mod        
   159b0 CODE       ___int16_mul        
   15942 CODE       ___int32_mul        
   159c6 CODE       ___int64_lsl        
   159d8 CODE       ___int64_lsr        
   10d06 CODE       ___printf_lock      
   10d22 CODE       ___printf_unlock    
   15c96 CODE       ___putc             
    f326 CODE       ___putchar          
   15b78 CODE       ___strtoul          
    c7e8 ISR        ___thunk_ARClib_version_Cmd
    c7e4 ISR        ___thunk_ARCsearch_Cmd
    c87a ISR        ___thunk___RAL_ascii_mbtowc
    c87e ISR        ___thunk___RAL_ascii_wctomb
    c000 ISR        ___thunk___putchar  
    c804 ISR        ___thunk_clearErrCmd
    c7ec ISR        ___thunk_errReq_Cmd 
    c7c8 ISR        ___thunk_err_decode_arcbus
    c004 ISR        ___thunk_example_command
    c008 ISR        ___thunk_example_timer_IR
    c7cc ISR        ___thunk_helpCmd    
    c808 ISR        ___thunk_logCmd     
    c7f0 ISR        ___thunk_priorityCmd
    c800 ISR        ___thunk_replayCmd  
    c7d4 ISR        ___thunk_restCmd    
    c7e0 ISR        ___thunk_spiCmd     
    c7fc ISR        ___thunk_stackCmd   
    c7f8 ISR        ___thunk_statsCmd   
    c010 ISR        ___thunk_sub_events 
    c014 ISR        ___thunk_sys_events 
    c00c ISR        ___thunk_temp       
    c7d0 ISR        ___thunk_terminal   
    c7d8 ISR        ___thunk_timeCmd    
    c7f4 ISR        ___thunk_timesliceCmd
    c7dc ISR        ___thunk_txCmd      
   15a58 CODE       ___uint16_div       
   15a70 CODE       ___uint16_mod       
   15a78 CODE       ___uint64_div       
   15aa0 CODE       ___uint64_divmod    
   15a38 CODE       ___uint64_mod       
   162aa CODE       ___uint64_to_float32
    1c22 IDATA0     ___ungot            
    5098 UDATA0     ___user_format_extender
    f64c CODE       ___vfprintf         
    f64c CODE       ___vfprintf_float_long_long
   14250 CODE       __record_error      
   15d28 CODE       _abs                
   11a88 CODE       _addr_chk           
    4992 UDATA0     _alarms             
    40d8 UDATA0     _arcBus_stat        
    1c16 IDATA0     _async_addr         
   12fa0 CODE       _async_close_remote 
   12f08 CODE       _async_isOpen       
   12f0e CODE       _async_open_remote  
    4976 UDATA0     _async_rxQ          
   12fce CODE       _async_send_data    
    1c18 IDATA0     _async_timer        
    4984 UDATA0     _async_txQ          
   15d38 CODE       _atoi               
   15d5e CODE       _atol               
    4744 UDATA0     _buffer_mutex       
    e3fe CONST      _busAddrSym         
    c0fa ISR        _bus_I2C_isr        
    c536 ISR        _bus_SPI_isr        
   13d98 CODE       _bus_flags_tostr    
    c542 ISR        _bus_int            
    c678 ISR        _bus_resend         
   13db8 CODE       _bus_version_err_tostr
   15556 CODE       _clearErrCmd        
   14492 CODE       _clear_saved_errors 
    1c1a IDATA0     _closed_event       
    1c1c IDATA0     _closed_flag        
    1c12 IDATA0     _cmd_parse_list     
    c8c4 CONST      _cmd_tbl            
   1208c CODE       _crc16              
   1205a CODE       _crc7               
    3c6c UDATA0     _crc_mutex          
   11120 CODE       _ctl_byte_queue_init
   114ee CODE       _ctl_byte_queue_post
   11268 CODE       _ctl_byte_queue_post_multi
   1140e CODE       _ctl_byte_queue_post_multi_nb
   11542 CODE       _ctl_byte_queue_post_nb
   1151c CODE       _ctl_byte_queue_receive
   11340 CODE       _ctl_byte_queue_receive_multi
   1147e CODE       _ctl_byte_queue_receive_multi_nb
   1155c CODE       _ctl_byte_queue_receive_nb
    3bca UDATA0     _ctl_current_time   
   1161e CODE       _ctl_enter_isr      
   10d36 CODE       _ctl_events_init    
   10eca CODE       _ctl_events_set_clear
   10d4a CODE       _ctl_events_wait    
   11652 CODE       _ctl_exit_isr       
   10cee CODE       _ctl_get_current_time
   1168a CODE       _ctl_global_interrupts_set
   1339c CODE       _ctl_handle_error   
   10c74 CODE       _ctl_increment_tick_from_isr
    3bcf UDATA0     _ctl_interrupt_count
    3bc6 UDATA0     _ctl_last_schedule_time
    1c06 IDATA0     _ctl_libc_mutex     
   10f2a CODE       _ctl_mutex_init     
   10f56 CODE       _ctl_mutex_lock     
   10f42 CODE       _ctl_mutex_lock_uc  
   1105a CODE       _ctl_mutex_unlock   
   109a4 CODE       _ctl_private_add_to_task_list
   10e46 CODE       _ctl_private_events_schedule
   11570 CODE       _ctl_private_get_stack_start
   11576 CODE       _ctl_private_get_thread_local_storage
   1157c CODE       _ctl_private_init_registers
   115de CODE       _ctl_private_init_thread_local_storage
   109f2 CODE       _ctl_private_remove_from_task_list
   10a2c CODE       _ctl_private_reschedule
   11602 CODE       _ctl_private_reschedule_from_api_call
    3bce UDATA0     _ctl_reschedule_on_last_isr_exit
   10bcc CODE       _ctl_task_die       
    3bd0 UDATA0     _ctl_task_executing 
   10b04 CODE       _ctl_task_init      
    3bd2 UDATA0     _ctl_task_list      
   10b40 CODE       _ctl_task_run       
   10bf4 CODE       _ctl_task_set_priority
    3bc4 UDATA0     _ctl_task_switch_callout
    1c04 IDATA0     _ctl_time_increment 
   10c32 CODE       _ctl_timeout_wait   
    1c00 IDATA0     _ctl_timeslice_period
   14724 CODE       _doCmd              
   14fe6 CODE       _errReq_Cmd         
   133ae CODE       _err_decode_arcbus  
   1437c CODE       _err_do_decode      
   140c8 CODE       _err_register_handler
   14180 CODE       _error_init         
   144c4 CODE       _error_log_mem_replay
   14546 CODE       _error_log_replay   
   141a2 CODE       _error_recording_start
    f438 CODE       _example_command    
    f4bc CODE       _example_timer_IR   
   16a18 CODE       _fabsf              
   167d6 CODE       _floor              
   167d6 CODE       _floorf             
   168a6 CODE       _fmod               
   168a6 CODE       _fmodf              
   16a5a CODE       _frexp              
   14af8 CODE       _getI2C_addr        
   1424a CODE       _get_error_level    
   120c0 CODE       _get_ticker_time    
   15e06 CODE       _getchar            
   14672 CODE       _helpCmd            
    3c8a UDATA0     _helper_stack       
   147b4 CODE       _hist_decr          
   147a8 CODE       _hist_incr          
   1178a CODE       _i2c_rx             
   11702 CODE       _i2c_tx             
    40ba UDATA0     _idle_task          
   12294 CODE       _initARCbus         
   12144 CODE       _initCLK            
   1183c CODE       _initI2C            
   121aa CODE       _initSVS            
   1218e CODE       _init_timerA        
   15dea CODE       _iscntrl            
   15dca CODE       _isdigit            
   15db8 CODE       _islower            
   15dda CODE       _isspace            
   15da6 CODE       _isupper            
   16a1e CODE       _ldexp              
   1557a CODE       _logCmd             
    f33c CODE       _main               
   12e7c CODE       _mainLoop           
   13e6c CODE       _main_return        
   14608 CODE       _make_args          
   16238 CODE       _memcpy             
   16248 CODE       _memset             
   16740 CODE       _modff              
    49b2 UDATA0     _next_idx           
   153f0 CODE       _parse_log_level    
    1c10 IDATA0     _powerState         
   14404 CODE       _print_error        
   15ef4 CODE       _printf             
   151a6 CODE       _priorityCmd        
   15f30 CODE       _puts               
   12392 CODE       _readTA1            
   142fa CODE       _record_error       
   154ca CODE       _replayCmd          
   14452 CODE       _report_error       
   13e3a CODE       _reset_bor          
   14bc2 CODE       _restCmd            
    474a UDATA0     _rxbuf              
    49a2 UDATA0     _saved_error        
   1423e CODE       _set_error_level    
   120d8 CODE       _setget_ticker_time 
   14e0c CODE       _spiCmd             
   15f6a CODE       _sprintf            
   153a6 CODE       _stackCmd           
   121a2 CODE       _start_timerA       
   13e80 CODE       _startup_error_check
   152c2 CODE       _stateName          
   15344 CODE       _statsCmd           
   15f9a CODE       _strcmp             
   15fba CODE       _strcpy             
   15ffe CODE       _strlcpy            
   16258 CODE       _strlen             
   15fd0 CODE       _strncmp            
   16042 CODE       _strnlen            
   1605c CODE       _strtol             
   16108 CODE       _strtoul            
    f564 CODE       _sub_events         
    1c2e UDATA0     _sub_stack          
    3b8a UDATA0     _sub_task           
    f5f4 CODE       _sys_events         
    23fe UDATA0     _sys_stack          
    3b6e UDATA0     _sys_task           
    c63e ISR        _task_tick          
    f4ee CODE       _temp               
   147c0 CODE       _terminal           
    2bce UDATA0     _terminal_stack     
    3ba6 UDATA0     _terminal_task      
    3c72 UDATA0     _ticker_time        
   14c78 CODE       _timeCmd            
   1525a CODE       _timesliceCmd       
   14c8e CODE       _txCmd              
    4876 UDATA0     _txbuf              
    d04e CONST      thread_init_begin   
    d052 CONST      thread_init_end     


SYMBOLS BY VALUE

      80            CTL_IRQ_STACK_SIZE  
     4c0            ___crt_mpy          
     4c8            ___crt_op2          
     4ca            ___crt_reslo        
     4d0            ___crt_mpy32l       
     4d2            ___crt_mpy32h       
     4e0            ___crt_op2l         
     4e2            ___crt_op2h         
     4e4            ___crt_res0         
     4e6            ___crt_res1         
     4e8            ___crt_res2         
     4ea            ___crt_res3         
    1c00            ___begin_IDATA0     
    1c00            ___RAM_Address      
    1c00 IDATA0     _ctl_timeslice_period
    1c04 IDATA0     _ctl_time_increment 
    1c06 IDATA0     _ctl_libc_mutex     
    1c10 IDATA0     _powerState         
    1c12 IDATA0     _cmd_parse_list     
    1c16 IDATA0     _async_addr         
    1c18 IDATA0     _async_timer        
    1c1a IDATA0     _closed_event       
    1c1c IDATA0     _closed_flag        
    1c22 IDATA0     ___ungot            
    1c24 IDATA0     ___RAL_global_locale
    1c2e            ___begin_UDATA0     
    1c2e UDATA0     _sub_stack          
    1c2e            ___end_IDATA0       
    23fe UDATA0     _sys_stack          
    2bce UDATA0     _terminal_stack     
    3b6e UDATA0     _sys_task           
    3b8a UDATA0     _sub_task           
    3ba6 UDATA0     _terminal_task      
    3bc2 UDATA0     _SYS_evt            
    3bc4 UDATA0     _ctl_task_switch_callout
    3bc6 UDATA0     _ctl_last_schedule_time
    3bca UDATA0     _ctl_current_time   
    3bce UDATA0     _ctl_reschedule_on_last_isr_exit
    3bcf UDATA0     _ctl_interrupt_count
    3bd0 UDATA0     _ctl_task_executing 
    3bd2 UDATA0     _ctl_task_list      
    3c5c UDATA0     _I2C_stat           
    3c6c UDATA0     _crc_mutex          
    3c72 UDATA0     _ticker_time        
    3c8a UDATA0     _helper_stack       
    3e7e UDATA0     _ARC_bus_helper_task
    3e9a UDATA0     _BUS_INT_events     
    3e9c UDATA0     _BUS_helper_events  
    3e9e UDATA0     _BUS_stack          
    409e UDATA0     _ARC_bus_task       
    40ba UDATA0     _idle_task          
    40d6 UDATA0     _SUB_events         
    40d8 UDATA0     _arcBus_stat        
    40fa UDATA0     _I2C_rx_out         
    40fc UDATA0     _I2C_rx_in          
    40fe UDATA0     _I2C_rx_buf         
    433e UDATA0     _DMA_events         
    4744 UDATA0     _buffer_mutex       
    474a UDATA0     _rxbuf              
    4876 UDATA0     _txbuf              
    4976 UDATA0     _async_rxQ          
    4984 UDATA0     _async_txQ          
    4992 UDATA0     _alarms             
    49a2 UDATA0     _saved_error        
    49b2 UDATA0     _next_idx           
    4f4e UDATA0     _UCA2_RxBuf         
    4ff2 UDATA0     _UCA2_TxBuf         
    5098 UDATA0     ___user_format_extender
    509a THREAD     _BUS_thread_addr_flags
    509a            ___begin_THREAD     
    509a            ___end_UDATA0       
    509e            ___end_THREAD       
    8000            ___RAM_Size         
    c000 ISR        ___thunk___putchar  
    c004 ISR        ___thunk_example_command
    c008 ISR        ___thunk_example_timer_IR
    c00c ISR        ___thunk_temp       
    c010 ISR        ___thunk_sub_events 
    c014 ISR        ___thunk_sys_events 
    c018 ISR        _I2C_dat            
    c0fa ISR        _bus_I2C_isr        
    c536 ISR        _bus_SPI_isr        
    c542 ISR        _bus_int            
    c5f8 ISR        _DMA_int            
    c63e ISR        _task_tick          
    c678 ISR        _bus_resend         
    c6be ISR        _SYS_NMI            
    c7c8 ISR        ___thunk_err_decode_arcbus
    c7cc ISR        ___thunk_helpCmd    
    c7d0 ISR        ___thunk_terminal   
    c7d4 ISR        ___thunk_restCmd    
    c7d8 ISR        ___thunk_timeCmd    
    c7dc ISR        ___thunk_txCmd      
    c7e0 ISR        ___thunk_spiCmd     
    c7e4 ISR        ___thunk_ARCsearch_Cmd
    c7e8 ISR        ___thunk_ARClib_version_Cmd
    c7ec ISR        ___thunk_errReq_Cmd 
    c7f0 ISR        ___thunk_priorityCmd
    c7f4 ISR        ___thunk_timesliceCmd
    c7f8 ISR        ___thunk_statsCmd   
    c7fc ISR        ___thunk_stackCmd   
    c800 ISR        ___thunk_replayCmd  
    c804 ISR        ___thunk_clearErrCmd
    c808 ISR        ___thunk_logCmd     
    c80c ISR        _UCA2_ISR           
    c87a ISR        ___thunk___RAL_ascii_mbtowc
    c87e ISR        ___thunk___RAL_ascii_wctomb
    c8c4 CONST      _cmd_tbl            
    cffd CONST      _ARClib_version     
    d010 CONST      _ARClib_vstruct     
    d04e CONST      thread_init_begin   
    d052 CONST      thread_init_end     
    e3fe CONST      _busAddrSym         
    f108 CONST      ___RAL_hex_uc       
    f118 CONST      ___RAL_hex_lc       
    f140 CONST      ___RAL_ascii_ctype_map
    f1ce CONST      ___RAL_codeset_ascii
    f1de CONST      ___RAL_c_locale_day_names
    f218 CONST      ___RAL_c_locale_abbrev_day_names
    f235 CONST      ___RAL_c_locale_month_names
    f28c CONST      ___RAL_c_locale_abbrev_month_names
    f2bd CONST      ___RAL_c_locale_am_pm_indicator
    f2c4 CONST      ___RAL_c_locale_date_format
    f2cd CONST      ___RAL_c_locale_time_format
    f2d6 CONST      ___RAL_c_locale_date_time_format
    f2e5 CONST      ___RAL_data_utf8_period
    f2e7 CONST      ___RAL_data_empty_string
    f2e8 CONST      ___RAL_c_locale_data
    f31a CONST      ___RAL_c_locale     
    f322 CONST      ___float32_nan      
    f326 CODE       ___putchar          
    f336 CODE       ___getchar          
    f33c CODE       _main               
    f438 CODE       _example_command    
    f4bc CODE       _example_timer_IR   
    f4ee CODE       _temp               
    f564 CODE       _sub_events         
    f5f4 CODE       _sys_events         
    f64c CODE       ___vfprintf_float_long_long
    f64c CODE       ___vfprintf         
   109a4 CODE       _ctl_private_add_to_task_list
   109f2 CODE       _ctl_private_remove_from_task_list
   10a2c CODE       _ctl_private_reschedule
   10b04 CODE       _ctl_task_init      
   10b40 CODE       _ctl_task_run       
   10bcc CODE       _ctl_task_die       
   10bf4 CODE       _ctl_task_set_priority
   10c32 CODE       _ctl_timeout_wait   
   10c74 CODE       _ctl_increment_tick_from_isr
   10cee CODE       _ctl_get_current_time
   10d06 CODE       ___printf_lock      
   10d22 CODE       ___printf_unlock    
   10d36 CODE       _ctl_events_init    
   10d4a CODE       _ctl_events_wait    
   10e46 CODE       _ctl_private_events_schedule
   10eca CODE       _ctl_events_set_clear
   10f2a CODE       _ctl_mutex_init     
   10f42 CODE       _ctl_mutex_lock_uc  
   10f56 CODE       _ctl_mutex_lock     
   1105a CODE       _ctl_mutex_unlock   
   11120 CODE       _ctl_byte_queue_init
   11268 CODE       _ctl_byte_queue_post_multi
   11340 CODE       _ctl_byte_queue_receive_multi
   1140e CODE       _ctl_byte_queue_post_multi_nb
   1147e CODE       _ctl_byte_queue_receive_multi_nb
   114ee CODE       _ctl_byte_queue_post
   1151c CODE       _ctl_byte_queue_receive
   11542 CODE       _ctl_byte_queue_post_nb
   1155c CODE       _ctl_byte_queue_receive_nb
   11570 CODE       _ctl_private_get_stack_start
   11576 CODE       _ctl_private_get_thread_local_storage
   1157c CODE       _ctl_private_init_registers
   115de CODE       _ctl_private_init_thread_local_storage
   115f4 CODE       ___RAL_read_tp      
   11602 CODE       _ctl_private_reschedule_from_api_call
   1161e CODE       _ctl_enter_isr      
   11652 CODE       _ctl_exit_isr       
   1168a CODE       _ctl_global_interrupts_set
   11702 CODE       _i2c_tx             
   1178a CODE       _i2c_rx             
   1183c CODE       _initI2C            
   118f0 CODE       _BUS_get_OA         
   1196c CODE       _BUS_flags_to_addr  
   119e2 CODE       _BUS_addr_to_flags  
   11a38 CODE       _BUS_cmd_init       
   11a52 CODE       _BUS_OA_check       
   11a88 CODE       _addr_chk           
   11ab4 CODE       _BUS_I2C_release    
   11b50 CODE       _BUS_cmd_tx         
   11de8 CODE       _BUS_SPI_txrx       
   1205a CODE       _crc7               
   1208c CODE       _crc16              
   120c0 CODE       _get_ticker_time    
   120d8 CODE       _setget_ticker_time 
   12100 CODE       _SPI_master_setup   
   1211a CODE       _SPI_slave_setup    
   12134 CODE       _SPI_deactivate     
   12144 CODE       _initCLK            
   1218e CODE       _init_timerA        
   121a2 CODE       _start_timerA       
   121aa CODE       _initSVS            
   12200 CODE       _ARC_setup          
   12294 CODE       _initARCbus         
   12392 CODE       _readTA1            
   12e7c CODE       _mainLoop           
   12ec6 CODE       _BUS_init_buffer    
   12ed0 CODE       _BUS_get_buffer_size
   12ed6 CODE       _BUS_get_buffer     
   12efe CODE       _BUS_free_buffer    
   12f08 CODE       _async_isOpen       
   12f0e CODE       _async_open_remote  
   12fa0 CODE       _async_close_remote 
   12fce CODE       _async_send_data    
   13034 CODE       _BUS_free_alarm     
   1304c CODE       _BUS_timer_timeout_check
   130a0 CODE       _BUS_alarm_ticker_update
   131a8 CODE       _PMM_setVCoreUp     
   132a2 CODE       _PMM_setVCoreDown   
   1335c CODE       _PMM_setVCore       
   1339c CODE       _ctl_handle_error   
   133ae CODE       _err_decode_arcbus  
   13a96 CODE       _BUS_error_str      
   13b66 CODE       _BUS_cmdtostr       
   13d12 CODE       _BUS_cmd_resptostr  
   13d98 CODE       _bus_flags_tostr    
   13db8 CODE       _bus_version_err_tostr
   13e3a CODE       _reset_bor          
   13e6c CODE       _main_return        
   13e80 CODE       _startup_error_check
   140c8 CODE       _err_register_handler
   14180 CODE       _error_init         
   141a2 CODE       _error_recording_start
   1423e CODE       _set_error_level    
   1424a CODE       _get_error_level    
   14250 CODE       __record_error      
   142fa CODE       _record_error       
   1433e CODE       _ERR_lev_str        
   1437c CODE       _err_do_decode      
   14404 CODE       _print_error        
   14452 CODE       _report_error       
   14492 CODE       _clear_saved_errors 
   144c4 CODE       _error_log_mem_replay
   14546 CODE       _error_log_replay   
   14608 CODE       _make_args          
   14672 CODE       _helpCmd            
   14724 CODE       _doCmd              
   147a8 CODE       _hist_incr          
   147b4 CODE       _hist_decr          
   147c0 CODE       _terminal           
   14a78 CODE       _I2C_addr_lookup    
   14ac0 CODE       _I2C_addr_revlookup 
   14af8 CODE       _getI2C_addr        
   14bc2 CODE       _restCmd            
   14c78 CODE       _timeCmd            
   14c8e CODE       _txCmd              
   14e0c CODE       _spiCmd             
   14f1e CODE       _ARCsearch_Cmd      
   14fd4 CODE       _ARClib_version_Cmd 
   14fe6 CODE       _errReq_Cmd         
   151a6 CODE       _priorityCmd        
   1525a CODE       _timesliceCmd       
   152c2 CODE       _stateName          
   15344 CODE       _statsCmd           
   153a6 CODE       _stackCmd           
   153f0 CODE       _parse_log_level    
   154ca CODE       _replayCmd          
   15556 CODE       _clearErrCmd        
   1557a CODE       _logCmd             
   15600 CODE       _SD_error_str       
   1580e CODE       _UCA2_init_UART     
   158ea CODE       _UCA2_TxChar        
   15926 CODE       _UCA2_Getc          
   15942 CODE       ___int32_mul        
   15964 CODE       ___int16_div        
   1598a CODE       ___int16_mod        
   159b0 CODE       ___int16_mul        
   159c6 CODE       ___int64_lsl        
   159d8 CODE       ___int64_lsr        
   15a38 CODE       ___uint64_mod       
   15a58 CODE       ___uint16_div       
   15a70 CODE       ___uint16_mod       
   15a78 CODE       ___uint64_div       
   15aa0 CODE       ___uint64_divmod    
   15adc CODE       ___digit            
   15b22 CODE       ___RAL_pow10        
   15b78 CODE       ___strtoul          
   15c96 CODE       ___putc             
   15ce0 CODE       ___RAL_print_padding
   15cfe CODE       ___RAL_pre_padding  
   15d28 CODE       _abs                
   15d38 CODE       _atoi               
   15d5e CODE       _atol               
   15d88 CODE       ___RAL_isctype      
   15da6 CODE       _isupper            
   15db8 CODE       _islower            
   15dca CODE       _isdigit            
   15dda CODE       _isspace            
   15dea CODE       _iscntrl            
   15dfc CODE       ___errno            
   15e06 CODE       _getchar            
   15e24 CODE       ___RAL_global_locale_category
   15ef4 CODE       _printf             
   15f30 CODE       _puts               
   15f6a CODE       _sprintf            
   15f9a CODE       _strcmp             
   15fba CODE       _strcpy             
   15fd0 CODE       _strncmp            
   15ffe CODE       _strlcpy            
   16042 CODE       _strnlen            
   1605c CODE       _strtol             
   16108 CODE       _strtoul            
   161bc CODE       ___RAL_init_mbstate 
   161ca CODE       ___RAL_ascii_mbtowc 
   16210 CODE       ___RAL_ascii_wctomb 
   16238 CODE       _memcpy             
   16248 CODE       _memset             
   16258 CODE       _strlen             
   16268 CODE       ___float32_isinf    
   16282 CODE       ___float32_isnan    
   1629a CODE       ___float32_signbit  
   162aa CODE       ___uint64_to_float32
   163ce CODE       ___float32_to_int64 
   16480 CODE       ___float32_add      
   16572 CODE       ___float32_sub      
   1657e CODE       ___float32_mul      
   16656 CODE       ___float32_div      
   16714 CODE       ___float32_lt       
   16730 CODE       ___float32_eq       
   16740 CODE       _modff              
   167d6 CODE       _floorf             
   167d6 CODE       _floor              
   168a6 CODE       _fmodf              
   168a6 CODE       _fmod               
   16a18 CODE       _fabsf              
   16a1e CODE       _ldexp              
   16a5a CODE       _frexp              
